
Discarded input sections

 .bss           0x0000000000000000        0x0 build/drawing.o
 .ARM.attributes
                0x0000000000000000       0x14 build/drawing.o
 .bss           0x0000000000000000        0x0 build/framebuffer.o
 .ARM.attributes
                0x0000000000000000       0x14 build/framebuffer.o
 .bss           0x0000000000000000        0x0 build/gpio.o
 .ARM.attributes
                0x0000000000000000       0x14 build/gpio.o
 .bss           0x0000000000000000        0x0 build/mailbox.o
 .ARM.attributes
                0x0000000000000000       0x14 build/mailbox.o
 .bss           0x0000000000000000        0x0 build/main.o
 .ARM.attributes
                0x0000000000000000       0x14 build/main.o
 .bss           0x0000000000000000        0x0 build/random.o
 .ARM.attributes
                0x0000000000000000       0x14 build/random.o
 .bss           0x0000000000000000        0x0 build/systemTimer.o
 .ARM.attributes
                0x0000000000000000       0x14 build/systemTimer.o

Memory Configuration

Name             Origin             Length             Attributes
*default*        0x0000000000000000 0xffffffffffffffff

Linker script and memory map

LOAD build/drawing.o
LOAD build/framebuffer.o
LOAD build/gpio.o
LOAD build/mailbox.o
LOAD build/main.o
LOAD build/random.o
LOAD build/systemTimer.o

.init           0x0000000000008000        0x4
 *(.init)
 .init          0x0000000000008000        0x4 build/main.o
                0x0000000000008000                _start

.text           0x0000000000008004      0x36c
 *(.text)
 .text          0x0000000000008004       0xf0 build/drawing.o
                0x0000000000008004                SetForeColour
                0x000000000000801c                SetGraphicsAddress
                0x0000000000008028                DrawPixel
                0x0000000000008070                DrawLine
 .text          0x00000000000080f4       0x60 build/framebuffer.o
                0x00000000000080f4                InitialiseFrameBuffer
 .text          0x0000000000008154       0x98 build/gpio.o
                0x0000000000008154                GetGpioAddress
                0x000000000000815c                SetGpioFunction
                0x00000000000081ac                SetGpio
 .text          0x00000000000081ec       0x78 build/mailbox.o
                0x00000000000081ec                GetMailboxBase
                0x00000000000081f4                MailboxWrite
                0x0000000000008228                MailboxRead
 .text          0x0000000000008264       0xb4 build/main.o
 .text          0x0000000000008318       0x18 build/random.o
                0x0000000000008318                Random
 .text          0x0000000000008330       0x40 build/systemTimer.o
                0x0000000000008330                GetSystemTimerBase
                0x0000000000008338                GetTimeStamp
                0x0000000000008348                Wait

.data           0x0000000000009000     0x2000
 *(.data)
 .data          0x0000000000009000        0x8 build/drawing.o
 *fill*         0x0000000000009008      0xff8 
 .data          0x000000000000a000     0x1000 build/framebuffer.o
                0x000000000000a000                FrameBufferInfo
 .data          0x000000000000b000        0x0 build/gpio.o
 .data          0x000000000000b000        0x0 build/mailbox.o
 .data          0x000000000000b000        0x0 build/main.o
 .data          0x000000000000b000        0x0 build/random.o
 .data          0x000000000000b000        0x0 build/systemTimer.o

/DISCARD/
 *(*)
OUTPUT(build/output.elf elf32-littlearm)
